
HaiderImtiaz@F-15 MINGW64 ~/Desktop/Story (master)
$ git log
commit 8dbe5db6d58852e75b3376d7fb05c2b315209daa (HEAD -> master)
Author: Haider Imtiaz <haider.imtiaz38@ee.ceme.edu.pk>
Date:   Sun Aug 4 01:57:03 2024 -0700

    Complete Chapter 1

HaiderImtiaz@F-15 MINGW64 ~/Desktop/Story (master)
$ touch Chapter2.txt

HaiderImtiaz@F-15 MINGW64 ~/Desktop/Story (master)
$ touch Chapt3.txt

HaiderImtiaz@F-15 MINGW64 ~/Desktop/Story (master)
$ code Chapter2.txt

HaiderImtiaz@F-15 MINGW64 ~/Desktop/Story (master)
$ code Chapter3.txt

HaiderImtiaz@F-15 MINGW64 ~/Desktop/Story (master)
$ git status
On branch master
Untracked files:
  (use "git add <file>..." to include in what will be committed)
        chapter2.txt
        chapter3.txt

nothing added to commit but untracked files present (use "git add" to track)

HaiderImtiaz@F-15 MINGW64 ~/Desktop/Story (master)
$ git add .

HaiderImtiaz@F-15 MINGW64 ~/Desktop/Story (master)
$ git status
On branch master
Changes to be committed:
  (use "git restore --staged <file>..." to unstage)
        new file:   chapter2.txt
        new file:   chapter3.txt


HaiderImtiaz@F-15 MINGW64 ~/Desktop/Story (master)
$ git commit -m  "Complte Chapter 2 & 3"
[master f19cec0] Complte Chapter 2 & 3
 2 files changed, 2 insertions(+)
 create mode 100644 chapter2.txt
 create mode 100644 chapter3.txt

HaiderImtiaz@F-15 MINGW64 ~/Desktop/Story (master)
$ git log
commit f19cec022cc587a4f2117c584b996dfc7bb24653 (HEAD -> master)
Author: Haider Imtiaz <haider.imtiaz38@ee.ceme.edu.pk>
Date:   Sun Aug 4 02:30:34 2024 -0700

    Complte Chapter 2 & 3

commit 8dbe5db6d58852e75b3376d7fb05c2b315209daa
Author: Haider Imtiaz <haider.imtiaz38@ee.ceme.edu.pk>
Date:   Sun Aug 4 01:57:03 2024 -0700

    Complete Chapter 1

HaiderImtiaz@F-15 MINGW64 ~/Desktop/Story (master)
$ git status
On branch master
Changes not staged for commit:
  (use "git add <file>..." to update what will be committed)
  (use "git restore <file>..." to discard changes in working directory)
        modified:   chapter1.txt

no changes added to commit (use "git add" and/or "git commit -a")

HaiderImtiaz@F-15 MINGW64 ~/Desktop/Story (master)
$ git dif chapter1.txt
git: 'dif' is not a git command. See 'git --help'.

The most similar commands are
        diff
        config
        difftool
        init
        refs

HaiderImtiaz@F-15 MINGW64 ~/Desktop/Story (master)
$ git diff chapter1.txt
diff --git a/chapter1.txt b/chapter1.txt
index 8c7e603..75647dd 100644
--- a/chapter1.txt
+++ b/chapter1.txt
@@ -1 +1 @@
-It was the best and worst time
\ No newline at end of file
+g7yvnjk
\ No newline at end of file

HaiderImtiaz@F-15 MINGW64 ~/Desktop/Story (master)
$ git checkout chapter1.txt
Updated 1 path from the index

HaiderImtiaz@F-15 MINGW64 ~/Desktop/Story (master)
$